Archive member included to satisfy reference by file (symbol)

c:/program files (x86)/arm gnu toolchain arm-none-eabi/12.3 rel1/bin/../lib/gcc/arm-none-eabi/12.3.1/thumb/v7e-m+fp/hard\libgcc.a(_arm_muldf3.o)
                              build/Default/debug/hpl/sercom/hpl_sercom.o (__aeabi_dmul)
c:/program files (x86)/arm gnu toolchain arm-none-eabi/12.3 rel1/bin/../lib/gcc/arm-none-eabi/12.3.1/thumb/v7e-m+fp/hard\libgcc.a(_arm_addsubdf3.o)
                              build/Default/debug/hpl/sercom/hpl_sercom.o (__aeabi_dsub)
c:/program files (x86)/arm gnu toolchain arm-none-eabi/12.3 rel1/bin/../lib/gcc/arm-none-eabi/12.3.1/thumb/v7e-m+fp/hard\libgcc.a(_arm_muldivdf3.o)
                              build/Default/debug/hpl/sercom/hpl_sercom.o (__aeabi_ddiv)
c:/program files (x86)/arm gnu toolchain arm-none-eabi/12.3 rel1/bin/../lib/gcc/arm-none-eabi/12.3.1/thumb/v7e-m+fp/hard\libgcc.a(_arm_fixunsdfsi.o)
                              build/Default/debug/hpl/sercom/hpl_sercom.o (__aeabi_d2uiz)
c:/program files (x86)/arm gnu toolchain arm-none-eabi/12.3 rel1/bin/../lib/gcc/arm-none-eabi/12.3.1/thumb/v7e-m+fp/hard\libgcc.a(_aeabi_ldivmod.o)
                              build/Default/debug/hpl/sercom/hpl_sercom.o (__aeabi_ldivmod)
c:/program files (x86)/arm gnu toolchain arm-none-eabi/12.3 rel1/bin/../lib/gcc/arm-none-eabi/12.3.1/thumb/v7e-m+fp/hard\libgcc.a(_aeabi_uldivmod.o)
                              build/Default/debug/hpl/sercom/hpl_sercom.o (__aeabi_uldivmod)
c:/program files (x86)/arm gnu toolchain arm-none-eabi/12.3 rel1/bin/../lib/gcc/arm-none-eabi/12.3.1/thumb/v7e-m+fp/hard\libgcc.a(_udivmoddi4.o)
                              c:/program files (x86)/arm gnu toolchain arm-none-eabi/12.3 rel1/bin/../lib/gcc/arm-none-eabi/12.3.1/thumb/v7e-m+fp/hard\libgcc.a(_aeabi_ldivmod.o) (__udivmoddi4)
c:/program files (x86)/arm gnu toolchain arm-none-eabi/12.3 rel1/bin/../lib/gcc/arm-none-eabi/12.3.1/thumb/v7e-m+fp/hard\libgcc.a(_dvmd_tls.o)
                              c:/program files (x86)/arm gnu toolchain arm-none-eabi/12.3 rel1/bin/../lib/gcc/arm-none-eabi/12.3.1/thumb/v7e-m+fp/hard\libgcc.a(_aeabi_ldivmod.o) (__aeabi_ldiv0)
c:/program files (x86)/arm gnu toolchain arm-none-eabi/12.3 rel1/bin/../lib/gcc/arm-none-eabi/12.3.1/thumb/v7e-m+fp/hard\libg.a(libc_a-exit.o)
                              c:/program files (x86)/arm gnu toolchain arm-none-eabi/12.3 rel1/bin/../lib/gcc/arm-none-eabi/12.3.1/thumb/v7e-m+fp/hard/crt0.o (exit)
c:/program files (x86)/arm gnu toolchain arm-none-eabi/12.3 rel1/bin/../lib/gcc/arm-none-eabi/12.3.1/thumb/v7e-m+fp/hard\libg.a(libc_a-findfp.o)
                              c:/program files (x86)/arm gnu toolchain arm-none-eabi/12.3 rel1/bin/../lib/gcc/arm-none-eabi/12.3.1/thumb/v7e-m+fp/hard\libg.a(libc_a-exit.o) (__stdio_exit_handler)
c:/program files (x86)/arm gnu toolchain arm-none-eabi/12.3 rel1/bin/../lib/gcc/arm-none-eabi/12.3.1/thumb/v7e-m+fp/hard\libg.a(libc_a-fwalk.o)
                              c:/program files (x86)/arm gnu toolchain arm-none-eabi/12.3 rel1/bin/../lib/gcc/arm-none-eabi/12.3.1/thumb/v7e-m+fp/hard\libg.a(libc_a-findfp.o) (_fwalk_sglue)
c:/program files (x86)/arm gnu toolchain arm-none-eabi/12.3 rel1/bin/../lib/gcc/arm-none-eabi/12.3.1/thumb/v7e-m+fp/hard\libg.a(libc_a-printf.o)
                              build/Default/debug/hal/utils/src/utils_syscalls.o (printf)
c:/program files (x86)/arm gnu toolchain arm-none-eabi/12.3 rel1/bin/../lib/gcc/arm-none-eabi/12.3.1/thumb/v7e-m+fp/hard\libg.a(libc_a-sprintf.o)
                              build/Default/debug/thirdparty/RTOS/freertos/FreeRTOSV10.0.0/Source/tasks.o (sprintf)
c:/program files (x86)/arm gnu toolchain arm-none-eabi/12.3 rel1/bin/../lib/gcc/arm-none-eabi/12.3.1/thumb/v7e-m+fp/hard\libg.a(libc_a-stdio.o)
                              c:/program files (x86)/arm gnu toolchain arm-none-eabi/12.3 rel1/bin/../lib/gcc/arm-none-eabi/12.3.1/thumb/v7e-m+fp/hard\libg.a(libc_a-findfp.o) (__sread)
c:/program files (x86)/arm gnu toolchain arm-none-eabi/12.3 rel1/bin/../lib/gcc/arm-none-eabi/12.3.1/thumb/v7e-m+fp/hard\libg.a(libc_a-memset.o)
                              c:/program files (x86)/arm gnu toolchain arm-none-eabi/12.3 rel1/bin/../lib/gcc/arm-none-eabi/12.3.1/thumb/v7e-m+fp/hard/crt0.o (memset)
c:/program files (x86)/arm gnu toolchain arm-none-eabi/12.3 rel1/bin/../lib/gcc/arm-none-eabi/12.3.1/thumb/v7e-m+fp/hard\libg.a(libc_a-closer.o)
                              c:/program files (x86)/arm gnu toolchain arm-none-eabi/12.3 rel1/bin/../lib/gcc/arm-none-eabi/12.3.1/thumb/v7e-m+fp/hard\libg.a(libc_a-stdio.o) (_close_r)
c:/program files (x86)/arm gnu toolchain arm-none-eabi/12.3 rel1/bin/../lib/gcc/arm-none-eabi/12.3.1/thumb/v7e-m+fp/hard\libg.a(libc_a-reent.o)
                              c:/program files (x86)/arm gnu toolchain arm-none-eabi/12.3 rel1/bin/../lib/gcc/arm-none-eabi/12.3.1/thumb/v7e-m+fp/hard\libg.a(libc_a-closer.o) (errno)
[...]
Memory Configuration

Name             Origin             Length             Attributes
rom              0x00000000         0x00100000         xr
ram              0x20000000         0x00040000         xrw
bkupram          0x47000000         0x00002000         xrw
qspi             0x04000000         0x01000000         xrw
*default*        0x00000000         0xffffffff

Linker script and memory map

LOAD c:/program files (x86)/arm gnu toolchain arm-none-eabi/12.3 rel1/bin/../lib/gcc/arm-none-eabi/12.3.1/thumb/v7e-m+fp/hard/crti.o
LOAD c:/program files (x86)/arm gnu toolchain arm-none-eabi/12.3 rel1/bin/../lib/gcc/arm-none-eabi/12.3.1/thumb/v7e-m+fp/hard/crtbegin.o
LOAD c:/program files (x86)/arm gnu toolchain arm-none-eabi/12.3 rel1/bin/../lib/gcc/arm-none-eabi/12.3.1/thumb/v7e-m+fp/hard/crt0.o
LOAD build/Default/debug/examples/driver_examples.o
LOAD build/Default/debug/hal/src/hal_atomic.o
LOAD build/Default/debug/hal/src/hal_cache.o
LOAD build/Default/debug/hal/src/hal_crc_sync.o
LOAD build/Default/debug/hal/src/hal_dac_sync.o
LOAD build/Default/debug/hal/src/hal_delay.o
LOAD build/Default/debug/hal/src/hal_gpio.o
LOAD build/Default/debug/hal/src/hal_i2c_m_sync.o
LOAD build/Default/debug/hal/src/hal_init.o
LOAD build/Default/debug/hal/src/hal_io.o
LOAD build/Default/debug/hal/src/hal_sleep.o
LOAD build/Default/debug/hal/src/hal_wdt.o
LOAD build/Default/debug/hal/src/hal_adc_sync.o
LOAD build/Default/debug/hal/src/hal_pwm.o
LOAD build/Default/debug/hal/src/hal_spi_m_sync.o
LOAD build/Default/debug/hal/src/hal_usart_sync.o
LOAD build/Default/debug/hal/utils/src/utils_assert.o
LOAD build/Default/debug/hal/utils/src/utils_event.o
LOAD build/Default/debug/hal/utils/src/utils_list.o
LOAD build/Default/debug/hal/utils/src/utils_syscalls.o
LOAD build/Default/debug/hpl/adc/hpl_adc.o
LOAD build/Default/debug/hpl/cmcc/hpl_cmcc.o
LOAD build/Default/debug/hpl/core/hpl_core_m4.o
LOAD build/Default/debug/hpl/core/hpl_init.o
LOAD build/Default/debug/hpl/dac/hpl_dac.o
LOAD build/Default/debug/hpl/dmac/hpl_dmac.o
LOAD build/Default/debug/hpl/dsu/hpl_dsu.o
LOAD build/Default/debug/hpl/gclk/hpl_gclk.o
LOAD build/Default/debug/hpl/mclk/hpl_mclk.o
LOAD build/Default/debug/hpl/osc32kctrl/hpl_osc32kctrl.o
LOAD build/Default/debug/hpl/oscctrl/hpl_oscctrl.o
LOAD build/Default/debug/hpl/pac/hpl_pac.o
LOAD build/Default/debug/hpl/pm/hpl_pm.o
LOAD build/Default/debug/hpl/ramecc/hpl_ramecc.o
LOAD build/Default/debug/hpl/sercom/hpl_sercom.o
LOAD build/Default/debug/hpl/systick/hpl_systick.o
LOAD build/Default/debug/hpl/tc/hpl_tc.o
LOAD build/Default/debug/hpl/wdt/hpl_wdt.o
LOAD build/Default/debug/samd51a/gcc/gcc/startup_samd51.o
LOAD build/Default/debug/samd51a/gcc/system_samd51.o
LOAD build/Default/debug/thirdparty/RTOS/freertos/FreeRTOSV10.0.0/Source/portable/GCC/ARM_CM4F/port.o
LOAD build/Default/debug/thirdparty/RTOS/freertos/FreeRTOSV10.0.0/Source/portable/MemMang/heap_1.o
LOAD build/Default/debug/thirdparty/RTOS/freertos/FreeRTOSV10.0.0/Source/croutine.o
LOAD build/Default/debug/thirdparty/RTOS/freertos/FreeRTOSV10.0.0/Source/event_groups.o
LOAD build/Default/debug/thirdparty/RTOS/freertos/FreeRTOSV10.0.0/Source/list.o
LOAD build/Default/debug/thirdparty/RTOS/freertos/FreeRTOSV10.0.0/Source/queue.o
LOAD build/Default/debug/thirdparty/RTOS/freertos/FreeRTOSV10.0.0/Source/stream_buffer.o
LOAD build/Default/debug/thirdparty/RTOS/freertos/FreeRTOSV10.0.0/Source/tasks.o
LOAD build/Default/debug/thirdparty/RTOS/freertos/FreeRTOSV10.0.0/Source/timers.o
LOAD build/Default/debug/thirdparty/RTOS/freertos/FreeRTOSV10.0.0/rtos_port.o
LOAD build/Default/debug/main.o
LOAD build/Default/debug/driver_init.o
LOAD build/Default/debug/rtos_start.o
LOAD build/Default/debug/atmel_start.o
                0x00000001                        __MPLAB_BUILD = 0x1
                0x00000001                        __ICD2RAM = 0x1
                0x00000001                        __MPLAB_DEBUG = 0x1
                0x00000001                        __DEBUG = 0x1
START GROUP
LOAD c:/program files (x86)/arm gnu toolchain arm-none-eabi/12.3 rel1/bin/../lib/gcc/arm-none-eabi/12.3.1/thumb/v7e-m+fp/hard\libgcc.a
LOAD c:/program files (x86)/arm gnu toolchain arm-none-eabi/12.3 rel1/bin/../lib/gcc/arm-none-eabi/12.3.1/thumb/v7e-m+fp/hard\libg.a
LOAD c:/program files (x86)/arm gnu toolchain arm-none-eabi/12.3 rel1/bin/../lib/gcc/arm-none-eabi/12.3.1/thumb/v7e-m+fp/hard\libc.a
END GROUP
START GROUP
LOAD c:/program files (x86)/arm gnu toolchain arm-none-eabi/12.3 rel1/bin/../lib/gcc/arm-none-eabi/12.3.1/thumb/v7e-m+fp/hard\libgcc.a
LOAD c:/program files (x86)/arm gnu toolchain arm-none-eabi/12.3 rel1/bin/../lib/gcc/arm-none-eabi/12.3.1/thumb/v7e-m+fp/hard\libc.a
LOAD c:/program files (x86)/arm gnu toolchain arm-none-eabi/12.3 rel1/bin/../lib/gcc/arm-none-eabi/12.3.1/thumb/v7e-m+fp/hard\libnosys.a
END GROUP
LOAD c:/program files (x86)/arm gnu toolchain arm-none-eabi/12.3 rel1/bin/../lib/gcc/arm-none-eabi/12.3.1/thumb/v7e-m+fp/hard/crtend.o
LOAD c:/program files (x86)/arm gnu toolchain arm-none-eabi/12.3 rel1/bin/../lib/gcc/arm-none-eabi/12.3.1/thumb/v7e-m+fp/hard/crtn.o
                0x00010000                        STACK_SIZE = DEFINED (STACK_SIZE)?STACK_SIZE:DEFINED (__stack_size__)?__stack_size__:0x10000

.text           0x00000000      0xcf4
                0x00000000                        . = ALIGN (0x4)
                0x00000000                        _sfixed = .
 *(.vectors .vectors.*)
 .vectors       0x00000000      0x264 build/Default/debug/samd51a/gcc/gcc/startup_samd51.o
                0x00000000                exception_table
 *(.text .text.* .gnu.linkonce.t.*)
 .text.deregister_tm_clones
                0x00000264       0x1c c:/program files (x86)/arm gnu toolchain arm-none-eabi/12.3 rel1/bin/../lib/gcc/arm-none-eabi/12.3.1/thumb/v7e-m+fp/hard/crtbegin.o
 .text.register_tm_clones
                0x00000280       0x24 c:/program files (x86)/arm gnu toolchain arm-none-eabi/12.3 rel1/bin/../lib/gcc/arm-none-eabi/12.3.1/thumb/v7e-m+fp/hard/crtbegin.o
 .text.__do_global_dtors_aux
                0x000002a4       0x28 c:/program files (x86)/arm gnu toolchain arm-none-eabi/12.3 rel1/bin/../lib/gcc/arm-none-eabi/12.3.1/thumb/v7e-m+fp/hard/crtbegin.o
 .text.frame_dummy
                0x000002cc       0x24 c:/program files (x86)/arm gnu toolchain arm-none-eabi/12.3 rel1/bin/../lib/gcc/arm-none-eabi/12.3.1/thumb/v7e-m+fp/hard/crtbegin.o
 .text.delay_ms
                0x000002f0       0x24 build/Default/debug/hal/src/hal_delay.o
                0x000002f0                delay_ms
 .text.adc_sync_init
                0x00000314        0x8 build/Default/debug/hal/src/hal_adc_sync.o
                0x00000314                adc_sync_init
 .text.adc_sync_enable_channel
                0x0000031c       0x10 build/Default/debug/hal/src/hal_adc_sync.o
                0x0000031c                adc_sync_enable_channel
 .text.adc_sync_read_channel
                0x0000032c       0x6c build/Default/debug/hal/src/hal_adc_sync.o
                0x0000032c                adc_sync_read_channel
 .text.adc_sync_set_resolution
                0x00000398       0x10 build/Default/debug/hal/src/hal_adc_sync.o
                0x00000398                adc_sync_set_resolution
 .text.hri_adc_wait_for_sync
                0x000003a8        0x8 build/Default/debug/hpl/adc/hpl_adc.o
 .text.hri_adc_set_CTRLA_ENABLE_bit
                0x000003b0       0x14 build/Default/debug/hpl/adc/hpl_adc.o
 .text.hri_adc_clear_CTRLA_ENABLE_bit
                0x000003c4       0x18 build/Default/debug/hpl/adc/hpl_adc.o
 .text.hri_adc_write_CTRLB_RESSEL_bf
                0x000003dc       0x20 build/Default/debug/hpl/adc/hpl_adc.o
 .text._adc_get_regs
                0x000003fc       0x14 build/Default/debug/hpl/adc/hpl_adc.o
 .text._adc_init
                0x00000410       0xf8 build/Default/debug/hpl/adc/hpl_adc.o
 .text._adc_sync_init
                0x00000508       0x20 build/Default/debug/hpl/adc/hpl_adc.o
                0x00000508                _adc_sync_init
 .text._adc_sync_enable_channel
                0x00000528        0xc build/Default/debug/hpl/adc/hpl_adc.o
                0x00000528                _adc_sync_enable_channel
 .text._adc_sync_get_data_size
                0x00000534       0x12 build/Default/debug/hpl/adc/hpl_adc.o
                0x00000534                _adc_sync_get_data_size
 .text._adc_sync_is_channel_conversion_done
                0x00000546        0xc build/Default/debug/hpl/adc/hpl_adc.o
                0x00000546                _adc_sync_is_channel_conversion_done
 *fill*         0x00000552        0x2 
 .text._adc_sync_convert
                0x00000554       0x18 build/Default/debug/hpl/adc/hpl_adc.o
                0x00000554                _adc_sync_convert
 .text._adc_sync_read_channel_data
                0x0000056c        0xa build/Default/debug/hpl/adc/hpl_adc.o
                0x0000056c                _adc_sync_read_channel_data
 *fill*         0x00000576        0x2 
 .text._adc_sync_set_resolution
                0x00000578        0xc build/Default/debug/hpl/adc/hpl_adc.o
                0x00000578                _adc_sync_set_resolution
 .text._get_cycles_for_ms
                0x00000584        0x8 build/Default/debug/hpl/core/hpl_core_m4.o
                0x00000584                _get_cycles_for_ms
 .text.RAMECC_Handler
                0x0000058c       0x38 build/Default/debug/hpl/ramecc/hpl_ramecc.o
                0x0000058c                RAMECC_Handler
 .text._delay_cycles
                0x000005c4       0x38 build/Default/debug/hpl/systick/hpl_systick.o
                0x000005c4                _delay_cycles
 .text.TC0_Handler
                0x000005fc       0x38 build/Default/debug/hpl/tc/hpl_tc.o
                0x000005fc                TC0_Handler
 .text.Dummy_Handler
                0x00000634        0x2 build/Default/debug/samd51a/gcc/gcc/startup_samd51.o
                0x00000634                EIC_5_Handler
                0x00000634                SERCOM0_2_Handler
                0x00000634                EIC_13_Handler
                0x00000634                EVSYS_0_Handler
                0x00000634                TCC1_3_Handler
                0x00000634                DAC_3_Handler
                0x00000634                TRNG_Handler
                0x00000634                HardFault_Handler
                0x00000634                TC2_Handler
                0x00000634                PDEC_2_Handler
                0x00000634                EIC_4_Handler
                0x00000634                AC_Handler
                0x00000634                SERCOM3_1_Handler
                0x00000634                TCC2_3_Handler
                0x00000634                SERCOM3_2_Handler
                0x00000634                TC7_Handler
                0x00000634                ADC1_1_Handler
                0x00000634                EVSYS_3_Handler
                0x00000634                PDEC_0_Handler
                0x00000634                QSPI_Handler
                0x00000634                NonMaskableInt_Handler
                0x00000634                TCC0_0_Handler
                0x00000634                EIC_3_Handler
                0x00000634                MemManagement_Handler
                0x00000634                DAC_2_Handler
                0x00000634                SERCOM0_0_Handler
                0x00000634                RTC_Handler
                0x00000634                UsageFault_Handler
                0x00000634                SERCOM4_0_Handler
                0x00000634                EIC_10_Handler
                0x00000634                SERCOM0_3_Handler
                0x00000634                EIC_11_Handler
                0x00000634                EIC_9_Handler
                0x00000634                OSC32KCTRL_Handler
                0x00000634                TCC2_1_Handler
                0x00000634                SUPC_1_Handler
                0x00000634                TCC0_5_Handler
                0x00000634                TCC0_6_Handler
                0x00000634                SERCOM6_2_Handler
                0x00000634                EVSYS_1_Handler
                0x00000634                TCC1_4_Handler
                0x00000634                TC6_Handler
                0x00000634                DMAC_0_Handler
                0x00000634                WDT_Handler
                0x00000634                EIC_8_Handler
                0x00000634                EIC_15_Handler
                0x00000634                SERCOM6_0_Handler
                0x00000634                SERCOM5_0_Handler
                0x00000634                TC4_Handler
                0x00000634                TC1_Handler
                0x00000634                OSCCTRL_4_Handler
                0x00000634                SERCOM4_3_Handler
                0x00000634                EIC_12_Handler
                0x00000634                DMAC_4_Handler
                0x00000634                TCC4_2_Handler
                0x00000634                PAC_Handler
                0x00000634                TCC1_0_Handler
                0x00000634                USB_0_Handler
                0x00000634                OSCCTRL_0_Handler
                0x00000634                EIC_0_Handler
                0x00000634                OSCCTRL_3_Handler
                0x00000634                SERCOM4_1_Handler
                0x00000634                TC3_Handler
                0x00000634                Dummy_Handler
                0x00000634                TCC3_0_Handler
                0x00000634                TCC2_2_Handler
                0x00000634                SERCOM5_1_Handler
                0x00000634                TCC1_1_Handler
                0x00000634                DMAC_2_Handler
                0x00000634                ADC0_0_Handler
                0x00000634                SERCOM0_1_Handler
                0x00000634                OSCCTRL_2_Handler
                0x00000634                ADC1_0_Handler
                0x00000634                TCC1_2_Handler
                0x00000634                SERCOM7_1_Handler
                0x00000634                USB_1_Handler
                0x00000634                PM_Handler
                0x00000634                SERCOM6_3_Handler
                0x00000634                SERCOM2_3_Handler
                0x00000634                DAC_4_Handler
                0x00000634                TCC3_2_Handler
                0x00000634                SERCOM7_0_Handler
                0x00000634                TCC0_2_Handler
                0x00000634                DMAC_1_Handler
                0x00000634                TCC4_0_Handler
                0x00000634                SERCOM7_3_Handler
                0x00000634                SDHC1_Handler
                0x00000634                USB_3_Handler
                0x00000634                SERCOM7_2_Handler
                0x00000634                TCC2_0_Handler
                0x00000634                PDEC_1_Handler
                0x00000634                TCC4_1_Handler
                0x00000634                SERCOM5_3_Handler
                0x00000634                USB_2_Handler
                0x00000634                SERCOM6_1_Handler
                0x00000634                SDHC0_Handler
                0x00000634                SERCOM1_1_Handler
                0x00000634                I2S_Handler
                0x00000634                EIC_2_Handler
                0x00000634                PCC_Handler
                0x00000634                DAC_0_Handler
                0x00000634                TCC0_1_Handler
                0x00000634                SERCOM1_3_Handler
                0x00000634                EIC_6_Handler
                0x00000634                OSCCTRL_1_Handler
                0x00000634                SERCOM1_0_Handler
                0x00000634                PUKCC_Handler
                0x00000634                SERCOM2_1_Handler
                0x00000634                SERCOM1_2_Handler
                0x00000634                SERCOM3_0_Handler
                0x00000634                EIC_1_Handler
                0x00000634                SERCOM4_2_Handler
                0x00000634                EVSYS_4_Handler
                0x00000634                EIC_7_Handler
                0x00000634                NVMCTRL_1_Handler
                0x00000634                SERCOM5_2_Handler
                0x00000634                SERCOM3_3_Handler
                0x00000634                ADC0_1_Handler
                0x00000634                SERCOM2_2_Handler
                0x00000634                TCC3_1_Handler
                0x00000634                EIC_14_Handler
                0x00000634                DAC_1_Handler
                0x00000634                NVMCTRL_0_Handler
                0x00000634                MCLK_Handler
                0x00000634                EVSYS_2_Handler
                0x00000634                SUPC_0_Handler
                0x00000634                BusFault_Handler
                0x00000634                FREQM_Handler
                0x00000634                TCC0_3_Handler
                0x00000634                DMAC_3_Handler
                0x00000634                DebugMonitor_Handler
                0x00000634                TCC0_4_Handler
                0x00000634                TC5_Handler
                0x00000634                SERCOM2_0_Handler
                0x00000634                AES_Handler
                0x00000634                ICM_Handler
 *fill*         0x00000636        0x2 
 .text.Reset_Handler
                0x00000638       0x90 build/Default/debug/samd51a/gcc/gcc/startup_samd51.o
                0x00000638                Reset_Handler
 *fill*         0x000006c8        0x8 
 .text.SVCall_Handler
                0x000006d0       0x24 build/Default/debug/thirdparty/RTOS/freertos/FreeRTOSV10.0.0/Source/portable/GCC/ARM_CM4F/port.o
                0x000006d0                SVCall_Handler
 *fill*         0x000006f4        0xc 
 .text.PendSV_Handler
                0x00000700       0x64 build/Default/debug/thirdparty/RTOS/freertos/FreeRTOSV10.0.0/Source/portable/GCC/ARM_CM4F/port.o
                0x00000700                PendSV_Handler
 .text.SysTick_Handler
                0x00000764       0x30 build/Default/debug/thirdparty/RTOS/freertos/FreeRTOSV10.0.0/Source/portable/GCC/ARM_CM4F/port.o
                0x00000764                SysTick_Handler
 .text.vListInsertEnd
                0x00000794       0x16 build/Default/debug/thirdparty/RTOS/freertos/FreeRTOSV10.0.0/Source/list.o
                0x00000794                vListInsertEnd
 .text.uxListRemove
                0x000007aa       0x20 build/Default/debug/thirdparty/RTOS/freertos/FreeRTOSV10.0.0/Source/list.o
                0x000007aa                uxListRemove
 *fill*         0x000007ca        0x2 
 .text.prvResetNextTaskUnblockTime
                0x000007cc       0x24 build/Default/debug/thirdparty/RTOS/freertos/FreeRTOSV10.0.0/Source/tasks.o
 .text.xTaskIncrementTick
                0x000007f0       0xfc build/Default/debug/thirdparty/RTOS/freertos/FreeRTOSV10.0.0/Source/tasks.o
                0x000007f0                xTaskIncrementTick
 .text.vTaskSwitchContext
                0x000008ec       0x68 build/Default/debug/thirdparty/RTOS/freertos/FreeRTOSV10.0.0/Source/tasks.o
                0x000008ec                vTaskSwitchContext
 .text.startup.main
                0x00000954       0x58 build/Default/debug/main.o
                0x00000954                main
 .text.memset   0x000009ac       0xa4 c:/program files (x86)/arm gnu toolchain arm-none-eabi/12.3 rel1/bin/../lib/gcc/arm-none-eabi/12.3.1/thumb/v7e-m+fp/hard\libg.a(libc_a-memset.o)
                0x000009ac                memset
 .text.__libc_init_array
                0x00000a50       0x50 c:/program files (x86)/arm gnu toolchain arm-none-eabi/12.3 rel1/bin/../lib/gcc/arm-none-eabi/12.3.1/thumb/v7e-m+fp/hard\libg.a(libc_a-init.o)
                0x00000a50                __libc_init_array
 .text.__retarget_lock_acquire_recursive
                0x00000aa0        0x4 c:/program files (x86)/arm gnu toolchain arm-none-eabi/12.3 rel1/bin/../lib/gcc/arm-none-eabi/12.3.1/thumb/v7e-m+fp/hard\libg.a(libc_a-lock.o)
                0x00000aa0                __retarget_lock_acquire_recursive
 .text.__retarget_lock_release_recursive
                0x00000aa4        0x4 c:/program files (x86)/arm gnu toolchain arm-none-eabi/12.3 rel1/bin/../lib/gcc/arm-none-eabi/12.3.1/thumb/v7e-m+fp/hard\libg.a(libc_a-lock.o)
                0x00000aa4                __retarget_lock_release_recursive
 .text          0x00000aa8      0x134 c:/program files (x86)/arm gnu toolchain arm-none-eabi/12.3 rel1/bin/../lib/gcc/arm-none-eabi/12.3.1/thumb/v7e-m+fp/hard\libg.a(libc_a-memcpy.o)
                0x00000aa8                memcpy
 .text.startup.register_fini
                0x00000bdc       0x14 c:/program files (x86)/arm gnu toolchain arm-none-eabi/12.3 rel1/bin/../lib/gcc/arm-none-eabi/12.3.1/thumb/v7e-m+fp/hard\libg.a(libc_a-__call_atexit.o)
 .text.atexit   0x00000bf0        0xc c:/program files (x86)/arm gnu toolchain arm-none-eabi/12.3 rel1/bin/../lib/gcc/arm-none-eabi/12.3.1/thumb/v7e-m+fp/hard\libg.a(libc_a-atexit.o)
                0x00000bf0                atexit
 .text.__libc_fini_array
                0x00000bfc       0x28 c:/program files (x86)/arm gnu toolchain arm-none-eabi/12.3 rel1/bin/../lib/gcc/arm-none-eabi/12.3.1/thumb/v7e-m+fp/hard\libg.a(libc_a-fini.o)
                0x00000bfc                __libc_fini_array
 .text.__register_exitproc
                0x00000c24       0x80 c:/program files (x86)/arm gnu toolchain arm-none-eabi/12.3 rel1/bin/../lib/gcc/arm-none-eabi/12.3.1/thumb/v7e-m+fp/hard\libg.a(libc_a-__atexit.o)
                0x00000c24                __register_exitproc
 *(.glue_7t)
 .glue_7t       0x00000ca4        0x0 linker stubs
 *(.glue_7)
 .glue_7        0x00000ca4        0x0 linker stubs
 *(.rodata .rodata* .gnu.linkonce.r.*)
 .rodata        0x00000ca4       0x2c build/Default/debug/hpl/adc/hpl_adc.o
 *(.ARM.extab* .gnu.linkonce.armextab.*)
                0x00000cd0                        . = ALIGN (0x4)
 *(.init)
 .init          0x00000cd0        0x4 c:/program files (x86)/arm gnu toolchain arm-none-eabi/12.3 rel1/bin/../lib/gcc/arm-none-eabi/12.3.1/thumb/v7e-m+fp/hard/crti.o
                0x00000cd0                _init
 .init          0x00000cd4        0x8 c:/program files (x86)/arm gnu toolchain arm-none-eabi/12.3 rel1/bin/../lib/gcc/arm-none-eabi/12.3.1/thumb/v7e-m+fp/hard/crtn.o
                0x00000cdc                        . = ALIGN (0x4)
                0x00000cdc                        __preinit_array_start = .
 *(.preinit_array)
                0x00000cdc                        __preinit_array_end = .
                0x00000cdc                        . = ALIGN (0x4)
                0x00000cdc                        __init_array_start = .
 *(SORT_BY_NAME(.init_array.*))
 .init_array.00000
                0x00000cdc        0x4 c:/program files (x86)/arm gnu toolchain arm-none-eabi/12.3 rel1/bin/../lib/gcc/arm-none-eabi/12.3.1/thumb/v7e-m+fp/hard\libg.a(libc_a-__call_atexit.o)
 *(.init_array)
 .init_array    0x00000ce0        0x4 c:/program files (x86)/arm gnu toolchain arm-none-eabi/12.3 rel1/bin/../lib/gcc/arm-none-eabi/12.3.1/thumb/v7e-m+fp/hard/crtbegin.o
                0x00000ce4                        __init_array_end = .
                0x00000ce4                        . = ALIGN (0x4)
 *crtbegin.o(.ctors)
 *(EXCLUDE_FILE(*crtend.o) .ctors)
 *(SORT_BY_NAME(.ctors.*))
 *crtend.o(.ctors)
                0x00000ce4                        . = ALIGN (0x4)
 *(.fini)
 .fini          0x00000ce4        0x4 c:/program files (x86)/arm gnu toolchain arm-none-eabi/12.3 rel1/bin/../lib/gcc/arm-none-eabi/12.3.1/thumb/v7e-m+fp/hard/crti.o
                0x00000ce4                _fini
 .fini          0x00000ce8        0x8 c:/program files (x86)/arm gnu toolchain arm-none-eabi/12.3 rel1/bin/../lib/gcc/arm-none-eabi/12.3.1/thumb/v7e-m+fp/hard/crtn.o
                0x00000cf0                        . = ALIGN (0x4)
                0x00000cf0                        __fini_array_start = .
 *(.fini_array)
 .fini_array    0x00000cf0        0x4 c:/program files (x86)/arm gnu toolchain arm-none-eabi/12.3 rel1/bin/../lib/gcc/arm-none-eabi/12.3.1/thumb/v7e-m+fp/hard/crtbegin.o
 *(SORT_BY_NAME(.fini_array.*))
                0x00000cf4                        __fini_array_end = .
 *crtbegin.o(.dtors)
 *(EXCLUDE_FILE(*crtend.o) .dtors)
 *(SORT_BY_NAME(.dtors.*))
 *crtend.o(.dtors)
                0x00000cf4                        . = ALIGN (0x4)
                0x00000cf4                        _efixed = .
                [!provide]                        PROVIDE (__exidx_start = .)

.vfp11_veneer   0x00000cf4        0x0
 .vfp11_veneer  0x00000cf4        0x0 linker stubs

.v4_bx          0x00000cf4        0x0
 .v4_bx         0x00000cf4        0x0 linker stubs

.iplt           0x00000cf4        0x0
 .iplt          0x00000cf4        0x0 c:/program files (x86)/arm gnu toolchain arm-none-eabi/12.3 rel1/bin/../lib/gcc/arm-none-eabi/12.3.1/thumb/v7e-m+fp/hard/crtbegin.o

.ARM.exidx      0x00000cf4        0x8
 *(.ARM.exidx* .gnu.linkonce.armexidx.*)
 .ARM.exidx     0x00000cf4        0x8 c:/program files (x86)/arm gnu toolchain arm-none-eabi/12.3 rel1/bin/../lib/gcc/arm-none-eabi/12.3.1/thumb/v7e-m+fp/hard\libg.a(libc_a-memcpy.o)
                [!provide]                        PROVIDE (__exidx_end = .)

.eh_frame       0x00000cfc        0x0
 .eh_frame      0x00000cfc        0x0 c:/program files (x86)/arm gnu toolchain arm-none-eabi/12.3 rel1/bin/../lib/gcc/arm-none-eabi/12.3.1/thumb/v7e-m+fp/hard/crtbegin.o

.rel.dyn        0x00000cfc        0x0
 .rel.iplt      0x00000cfc        0x0 c:/program files (x86)/arm gnu toolchain arm-none-eabi/12.3 rel1/bin/../lib/gcc/arm-none-eabi/12.3.1/thumb/v7e-m+fp/hard/crtbegin.o

.tm_clone_table
                0x00000cfc        0x0
 .tm_clone_table
                0x00000cfc        0x0 c:/program files (x86)/arm gnu toolchain arm-none-eabi/12.3 rel1/bin/../lib/gcc/arm-none-eabi/12.3.1/thumb/v7e-m+fp/hard/crtbegin.o
 .tm_clone_table
                0x00000cfc        0x0 c:/program files (x86)/arm gnu toolchain arm-none-eabi/12.3 rel1/bin/../lib/gcc/arm-none-eabi/12.3.1/thumb/v7e-m+fp/hard/crtend.o

.igot.plt       0x00000cfc        0x0
 .igot.plt      0x00000cfc        0x0 c:/program files (x86)/arm gnu toolchain arm-none-eabi/12.3 rel1/bin/../lib/gcc/arm-none-eabi/12.3.1/thumb/v7e-m+fp/hard/crtbegin.o
                0x00000cfc                        . = ALIGN (0x4)
                0x00000cfc                        _etext = .

.relocate       0x20000000        0x4 load address 0x00000cfc
                0x20000000                        . = ALIGN (0x4)
                0x20000000                        _srelocate = .
 *(.ramfunc .ramfunc.*)
 *(.data .data.*)
 .data.__atexit_recursive_mutex
                0x20000000        0x4 c:/program files (x86)/arm gnu toolchain arm-none-eabi/12.3 rel1/bin/../lib/gcc/arm-none-eabi/12.3.1/thumb/v7e-m+fp/hard\libg.a(libc_a-__call_atexit.o)
                0x20000000                __atexit_recursive_mutex
                0x20000004                        . = ALIGN (0x4)
                0x20000004                        _erelocate = .

.bkupram        0x47000000        0x0
                0x47000000                        . = ALIGN (0x8)
                0x47000000                        _sbkupram = .
 *(.bkupram .bkupram.*)
                0x47000000                        . = ALIGN (0x8)
                0x47000000                        _ebkupram = .

.qspi           0x04000000        0x0
                0x04000000                        . = ALIGN (0x8)
                0x04000000                        _sqspi = .
 *(.qspi .qspi.*)
                0x04000000                        . = ALIGN (0x8)
                0x04000000                        _eqspi = .

.bss            0x20000004      0x3a0 load address 0x00000d00
                0x20000004                        . = ALIGN (0x4)
                0x20000004                        _sbss = .
                0x20000004                        _szero = .
 *(.bss .bss.*)
 .bss.completed.1
                0x20000004        0x1 c:/program files (x86)/arm gnu toolchain arm-none-eabi/12.3 rel1/bin/../lib/gcc/arm-none-eabi/12.3.1/thumb/v7e-m+fp/hard/crtbegin.o
 *fill*         0x20000005        0x3 
 .bss.object.0  0x20000008       0x18 c:/program files (x86)/arm gnu toolchain arm-none-eabi/12.3 rel1/bin/../lib/gcc/arm-none-eabi/12.3.1/thumb/v7e-m+fp/hard/crtbegin.o
 .bss           0x20000020        0x4 build/Default/debug/hal/src/hal_delay.o
 .bss           0x20000024       0x10 build/Default/debug/hpl/ramecc/hpl_ramecc.o
                0x20000024                device
 .bss           0x20000034        0x4 build/Default/debug/hpl/tc/hpl_tc.o
 .bss           0x20000038       0xec build/Default/debug/thirdparty/RTOS/freertos/FreeRTOSV10.0.0/Source/tasks.o
                0x200000a0                pxCurrentTCB
 .bss           0x20000124       0x64 build/Default/debug/main.o
                0x20000124                arr
 .bss           0x20000188       0x84 build/Default/debug/driver_init.o
                0x20000188                ADC_0
                0x2000018c                ADC_1
                0x20000190                DAC_0
                0x200001a4                CRC_0
                0x200001a8                I2C_0
                0x200001c8                USART_0
                0x200001d4                SPI_0
                0x200001ec                PWM_0
                0x20000208                WDT_0
 .bss.__lock___atexit_recursive_mutex
                0x2000020c        0x1 c:/program files (x86)/arm gnu toolchain arm-none-eabi/12.3 rel1/bin/../lib/gcc/arm-none-eabi/12.3.1/thumb/v7e-m+fp/hard\libg.a(libc_a-lock.o)
                0x2000020c                __lock___atexit_recursive_mutex
 *fill*         0x2000020d        0x3 
 .bss.__atexit  0x20000210        0x4 c:/program files (x86)/arm gnu toolchain arm-none-eabi/12.3 rel1/bin/../lib/gcc/arm-none-eabi/12.3.1/thumb/v7e-m+fp/hard\libg.a(libc_a-__call_atexit.o)
                0x20000210                __atexit
 .bss.__atexit0
                0x20000214      0x190 c:/program files (x86)/arm gnu toolchain arm-none-eabi/12.3 rel1/bin/../lib/gcc/arm-none-eabi/12.3.1/thumb/v7e-m+fp/hard\libg.a(libc_a-__atexit.o)
                0x20000214                __atexit0
 *(COMMON)
                0x200003a4                        . = ALIGN (0x4)
                0x200003a4                        _ebss = .
                0x200003a4                        _ezero = .

.stack          0x200003a4    0x10004 load address 0x000010a0
                0x200003a8                        . = ALIGN (0x8)
 *fill*         0x200003a4        0x4 
                0x200003a8                        _sstack = .
                0x200103a8                        . = (. + STACK_SIZE)
 *fill*         0x200003a8    0x10000 
                0x200103a8                        . = ALIGN (0x8)
                0x200103a8                        _estack = .
                0x200103a8                        . = ALIGN (0x4)
                0x200103a8                        _end = .
OUTPUT(dist/Default/debug/PVDXosThirdTry.X.debug.elf elf32-littlearm)
LOAD linker stubs

.ARM.attributes
                0x00000000       0x30
 .ARM.attributes
                0x00000000       0x22 c:/program files (x86)/arm gnu toolchain arm-none-eabi/12.3 rel1/bin/../lib/gcc/arm-none-eabi/12.3.1/thumb/v7e-m+fp/hard/crti.o
 .ARM.attributes
                0x00000022       0x34 c:/program files (x86)/arm gnu toolchain arm-none-eabi/12.3 rel1/bin/../lib/gcc/arm-none-eabi/12.3.1/thumb/v7e-m+fp/hard/crtbegin.o
 .ARM.attributes
                0x00000056       0x34 build/Default/debug/hal/src/hal_delay.o
 .ARM.attributes
                0x0000008a       0x34 build/Default/debug/hal/src/hal_adc_sync.o
 .ARM.attributes
                0x000000be       0x34 build/Default/debug/hpl/adc/hpl_adc.o
 .ARM.attributes
                0x000000f2       0x34 build/Default/debug/hpl/core/hpl_core_m4.o
 .ARM.attributes
                0x00000126       0x34 build/Default/debug/hpl/ramecc/hpl_ramecc.o
 .ARM.attributes
                0x0000015a       0x34 build/Default/debug/hpl/systick/hpl_systick.o
 .ARM.attributes
                0x0000018e       0x34 build/Default/debug/hpl/tc/hpl_tc.o
 .ARM.attributes
                0x000001c2       0x34 build/Default/debug/samd51a/gcc/gcc/startup_samd51.o
 .ARM.attributes
                0x000001f6       0x34 build/Default/debug/thirdparty/RTOS/freertos/FreeRTOSV10.0.0/Source/portable/GCC/ARM_CM4F/port.o
 .ARM.attributes
                0x0000022a       0x34 build/Default/debug/thirdparty/RTOS/freertos/FreeRTOSV10.0.0/Source/list.o
 .ARM.attributes
                0x0000025e       0x34 build/Default/debug/thirdparty/RTOS/freertos/FreeRTOSV10.0.0/Source/tasks.o
 .ARM.attributes
                0x00000292       0x34 build/Default/debug/main.o
 .ARM.attributes
                0x000002c6       0x34 build/Default/debug/driver_init.o
 .ARM.attributes
                0x000002fa       0x34 c:/program files (x86)/arm gnu toolchain arm-none-eabi/12.3 rel1/bin/../lib/gcc/arm-none-eabi/12.3.1/thumb/v7e-m+fp/hard\libg.a(libc_a-memset.o)
 .ARM.attributes
                0x0000032e       0x34 c:/program files (x86)/arm gnu toolchain arm-none-eabi/12.3 rel1/bin/../lib/gcc/arm-none-eabi/12.3.1/thumb/v7e-m+fp/hard\libg.a(libc_a-init.o)
 .ARM.attributes
                0x00000362       0x34 c:/program files (x86)/arm gnu toolchain arm-none-eabi/12.3 rel1/bin/../lib/gcc/arm-none-eabi/12.3.1/thumb/v7e-m+fp/hard\libg.a(libc_a-lock.o)
 .ARM.attributes
                0x00000396       0x20 c:/program files (x86)/arm gnu toolchain arm-none-eabi/12.3 rel1/bin/../lib/gcc/arm-none-eabi/12.3.1/thumb/v7e-m+fp/hard\libg.a(libc_a-memcpy.o)
 .ARM.attributes
                0x000003b6       0x34 c:/program files (x86)/arm gnu toolchain arm-none-eabi/12.3 rel1/bin/../lib/gcc/arm-none-eabi/12.3.1/thumb/v7e-m+fp/hard\libg.a(libc_a-__call_atexit.o)
 .ARM.attributes
                0x000003ea       0x34 c:/program files (x86)/arm gnu toolchain arm-none-eabi/12.3 rel1/bin/../lib/gcc/arm-none-eabi/12.3.1/thumb/v7e-m+fp/hard\libg.a(libc_a-atexit.o)
 .ARM.attributes
                0x0000041e       0x34 c:/program files (x86)/arm gnu toolchain arm-none-eabi/12.3 rel1/bin/../lib/gcc/arm-none-eabi/12.3.1/thumb/v7e-m+fp/hard\libg.a(libc_a-fini.o)
 .ARM.attributes
                0x00000452       0x34 c:/program files (x86)/arm gnu toolchain arm-none-eabi/12.3 rel1/bin/../lib/gcc/arm-none-eabi/12.3.1/thumb/v7e-m+fp/hard\libg.a(libc_a-__atexit.o)
 .ARM.attributes
                0x00000486       0x34 c:/program files (x86)/arm gnu toolchain arm-none-eabi/12.3 rel1/bin/../lib/gcc/arm-none-eabi/12.3.1/thumb/v7e-m+fp/hard/crtend.o
 .ARM.attributes
                0x000004ba       0x22 c:/program files (x86)/arm gnu toolchain arm-none-eabi/12.3 rel1/bin/../lib/gcc/arm-none-eabi/12.3.1/thumb/v7e-m+fp/hard/crtn.o

.comment        0x00000000       0x45
 .comment       0x00000000       0x45 build/Default/debug/hal/src/hal_delay.o
                                 0x46 (size before relaxing)
 .comment       0x00000045       0x46 build/Default/debug/hal/src/hal_adc_sync.o
 .comment       0x00000045       0x46 build/Default/debug/hpl/adc/hpl_adc.o
 .comment       0x00000045       0x46 build/Default/debug/hpl/core/hpl_core_m4.o
 .comment       0x00000045       0x46 build/Default/debug/hpl/ramecc/hpl_ramecc.o
 .comment       0x00000045       0x46 build/Default/debug/hpl/systick/hpl_systick.o
 .comment       0x00000045       0x46 build/Default/debug/hpl/tc/hpl_tc.o
 .comment       0x00000045       0x46 build/Default/debug/samd51a/gcc/gcc/startup_samd51.o
 .comment       0x00000045       0x46 build/Default/debug/thirdparty/RTOS/freertos/FreeRTOSV10.0.0/Source/portable/GCC/ARM_CM4F/port.o
 .comment       0x00000045       0x46 build/Default/debug/thirdparty/RTOS/freertos/FreeRTOSV10.0.0/Source/list.o
 .comment       0x00000045       0x46 build/Default/debug/thirdparty/RTOS/freertos/FreeRTOSV10.0.0/Source/tasks.o
 .comment       0x00000045       0x46 build/Default/debug/main.o
 .comment       0x00000045       0x46 build/Default/debug/driver_init.o

.debug_info     0x00000000    0x181b4
 .debug_info    0x00000000      0x200 build/Default/debug/hal/src/hal_delay.o
 .debug_info    0x00000200      0xa83 build/Default/debug/hal/src/hal_adc_sync.o
 .debug_info    0x00000c83     0x416b build/Default/debug/hpl/adc/hpl_adc.o
 .debug_info    0x00004dee      0xc7b build/Default/debug/hpl/core/hpl_core_m4.o
 .debug_info    0x00005a69      0xc91 build/Default/debug/hpl/ramecc/hpl_ramecc.o
 .debug_info    0x000066fa      0x270 build/Default/debug/hpl/systick/hpl_systick.o
 .debug_info    0x0000696a     0x2e80 build/Default/debug/hpl/tc/hpl_tc.o
 .debug_info    0x000097ea      0xe1e build/Default/debug/samd51a/gcc/gcc/startup_samd51.o
 .debug_info    0x0000a608      0x5de build/Default/debug/thirdparty/RTOS/freertos/FreeRTOSV10.0.0/Source/portable/GCC/ARM_CM4F/port.o
 .debug_info    0x0000abe6      0x309 build/Default/debug/thirdparty/RTOS/freertos/FreeRTOSV10.0.0/Source/list.o
 .debug_info    0x0000aeef     0x2b8b build/Default/debug/thirdparty/RTOS/freertos/FreeRTOSV10.0.0/Source/tasks.o
 .debug_info    0x0000da7a     0x11a9 build/Default/debug/main.o
 .debug_info    0x0000ec23     0x9591 build/Default/debug/driver_init.o

.debug_abbrev   0x00000000     0x27bc
 .debug_abbrev  0x00000000      0x126 build/Default/debug/hal/src/hal_delay.o
 .debug_abbrev  0x00000126      0x1b8 build/Default/debug/hal/src/hal_adc_sync.o
 .debug_abbrev  0x000002de      0x628 build/Default/debug/hpl/adc/hpl_adc.o
 .debug_abbrev  0x00000906      0x29e build/Default/debug/hpl/core/hpl_core_m4.o
 .debug_abbrev  0x00000ba4      0x304 build/Default/debug/hpl/ramecc/hpl_ramecc.o
 .debug_abbrev  0x00000ea8      0x191 build/Default/debug/hpl/systick/hpl_systick.o
 .debug_abbrev  0x00001039      0x5bd build/Default/debug/hpl/tc/hpl_tc.o
 .debug_abbrev  0x000015f6      0x1bd build/Default/debug/samd51a/gcc/gcc/startup_samd51.o
 .debug_abbrev  0x000017b3      0x2b8 build/Default/debug/thirdparty/RTOS/freertos/FreeRTOSV10.0.0/Source/portable/GCC/ARM_CM4F/port.o
 .debug_abbrev  0x00001a6b      0x124 build/Default/debug/thirdparty/RTOS/freertos/FreeRTOSV10.0.0/Source/list.o
 .debug_abbrev  0x00001b8f      0x530 build/Default/debug/thirdparty/RTOS/freertos/FreeRTOSV10.0.0/Source/tasks.o
 .debug_abbrev  0x000020bf      0x241 build/Default/debug/main.o
 .debug_abbrev  0x00002300      0x4bc build/Default/debug/driver_init.o

.debug_loc      0x00000000     0x676c
 .debug_loc     0x00000000       0xc7 build/Default/debug/hal/src/hal_delay.o
 .debug_loc     0x000000c7      0x79a build/Default/debug/hal/src/hal_adc_sync.o
 .debug_loc     0x00000861     0x1bfe build/Default/debug/hpl/adc/hpl_adc.o
 .debug_loc     0x0000245f      0x231 build/Default/debug/hpl/core/hpl_core_m4.o
 .debug_loc     0x00002690      0x167 build/Default/debug/hpl/ramecc/hpl_ramecc.o
 .debug_loc     0x000027f7      0x105 build/Default/debug/hpl/systick/hpl_systick.o
 .debug_loc     0x000028fc      0xc9c build/Default/debug/hpl/tc/hpl_tc.o
 .debug_loc     0x00003598       0x20 build/Default/debug/samd51a/gcc/gcc/startup_samd51.o
 .debug_loc     0x000035b8      0x170 build/Default/debug/thirdparty/RTOS/freertos/FreeRTOSV10.0.0/Source/portable/GCC/ARM_CM4F/port.o
 .debug_loc     0x00003728       0xcf build/Default/debug/thirdparty/RTOS/freertos/FreeRTOSV10.0.0/Source/list.o
 .debug_loc     0x000037f7     0x1feb build/Default/debug/thirdparty/RTOS/freertos/FreeRTOSV10.0.0/Source/tasks.o
 .debug_loc     0x000057e2       0x75 build/Default/debug/main.o
 .debug_loc     0x00005857      0xf15 build/Default/debug/driver_init.o

.debug_aranges  0x00000000      0x808
 .debug_aranges
                0x00000000       0x38 build/Default/debug/hal/src/hal_delay.o
 .debug_aranges
                0x00000038       0x98 build/Default/debug/hal/src/hal_adc_sync.o
 .debug_aranges
                0x000000d0      0x238 build/Default/debug/hpl/adc/hpl_adc.o
 .debug_aranges
                0x00000308       0x70 build/Default/debug/hpl/core/hpl_core_m4.o
 .debug_aranges
                0x00000378       0x30 build/Default/debug/hpl/ramecc/hpl_ramecc.o
 .debug_aranges
                0x000003a8       0x48 build/Default/debug/hpl/systick/hpl_systick.o
 .debug_aranges
                0x000003f0       0x88 build/Default/debug/hpl/tc/hpl_tc.o
 .debug_aranges
                0x00000478       0x28 build/Default/debug/samd51a/gcc/gcc/startup_samd51.o
 .debug_aranges
                0x000004a0       0x80 build/Default/debug/thirdparty/RTOS/freertos/FreeRTOSV10.0.0/Source/portable/GCC/ARM_CM4F/port.o
 .debug_aranges
                0x00000520       0x40 build/Default/debug/thirdparty/RTOS/freertos/FreeRTOSV10.0.0/Source/list.o
 .debug_aranges
                0x00000560      0x198 build/Default/debug/thirdparty/RTOS/freertos/FreeRTOSV10.0.0/Source/tasks.o
 .debug_aranges
                0x000006f8       0x20 build/Default/debug/main.o
 .debug_aranges
                0x00000718       0xf0 build/Default/debug/driver_init.o

.debug_ranges   0x00000000      0xfa8
 .debug_ranges  0x00000000       0x28 build/Default/debug/hal/src/hal_delay.o
 .debug_ranges  0x00000028       0xa0 build/Default/debug/hal/src/hal_adc_sync.o
 .debug_ranges  0x000000c8      0x4e8 build/Default/debug/hpl/adc/hpl_adc.o
 .debug_ranges  0x000005b0       0x60 build/Default/debug/hpl/core/hpl_core_m4.o
 .debug_ranges  0x00000610       0x50 build/Default/debug/hpl/ramecc/hpl_ramecc.o
 .debug_ranges  0x00000660       0x38 build/Default/debug/hpl/systick/hpl_systick.o
 .debug_ranges  0x00000698      0x1f0 build/Default/debug/hpl/tc/hpl_tc.o
 .debug_ranges  0x00000888       0x18 build/Default/debug/samd51a/gcc/gcc/startup_samd51.o
 .debug_ranges  0x000008a0       0xa0 build/Default/debug/thirdparty/RTOS/freertos/FreeRTOSV10.0.0/Source/portable/GCC/ARM_CM4F/port.o
 .debug_ranges  0x00000940       0x30 build/Default/debug/thirdparty/RTOS/freertos/FreeRTOSV10.0.0/Source/list.o
 .debug_ranges  0x00000970      0x2d8 build/Default/debug/thirdparty/RTOS/freertos/FreeRTOSV10.0.0/Source/tasks.o
 .debug_ranges  0x00000c48       0x10 build/Default/debug/main.o
 .debug_ranges  0x00000c58      0x350 build/Default/debug/driver_init.o

.debug_line     0x00000000     0x6d03
 .debug_line    0x00000000      0x19e build/Default/debug/hal/src/hal_delay.o
 .debug_line    0x0000019e      0x3c9 build/Default/debug/hal/src/hal_adc_sync.o
 .debug_line    0x00000567     0x13eb build/Default/debug/hpl/adc/hpl_adc.o
 .debug_line    0x00001952      0x3f0 build/Default/debug/hpl/core/hpl_core_m4.o
 .debug_line    0x00001d42      0x39b build/Default/debug/hpl/ramecc/hpl_ramecc.o
 .debug_line    0x000020dd      0x277 build/Default/debug/hpl/systick/hpl_systick.o
 .debug_line    0x00002354      0xa44 build/Default/debug/hpl/tc/hpl_tc.o
 .debug_line    0x00002d98      0x214 build/Default/debug/samd51a/gcc/gcc/startup_samd51.o
 .debug_line    0x00002fac      0x6d9 build/Default/debug/thirdparty/RTOS/freertos/FreeRTOSV10.0.0/Source/portable/GCC/ARM_CM4F/port.o
 .debug_line    0x00003685      0x376 build/Default/debug/thirdparty/RTOS/freertos/FreeRTOSV10.0.0/Source/list.o
 .debug_line    0x000039fb     0x22f3 build/Default/debug/thirdparty/RTOS/freertos/FreeRTOSV10.0.0/Source/tasks.o
 .debug_line    0x00005cee      0x1ee build/Default/debug/main.o
 .debug_line    0x00005edc      0xe27 build/Default/debug/driver_init.o

.debug_str      0x00000000     0x5e7f
 .debug_str     0x00000000      0x1c5 build/Default/debug/hal/src/hal_delay.o
                                0x216 (size before relaxing)
 .debug_str     0x000001c5      0x403 build/Default/debug/hal/src/hal_adc_sync.o
                                0x709 (size before relaxing)
 .debug_str     0x000005c8     0x16b3 build/Default/debug/hpl/adc/hpl_adc.o
                               0x1c32 (size before relaxing)
 .debug_str     0x00001c7b      0x160 build/Default/debug/hpl/core/hpl_core_m4.o
                                0xb05 (size before relaxing)
 .debug_str     0x00001ddb      0x251 build/Default/debug/hpl/ramecc/hpl_ramecc.o
                                0xc16 (size before relaxing)
 .debug_str     0x0000202c       0x91 build/Default/debug/hpl/systick/hpl_systick.o
                                0x245 (size before relaxing)
 .debug_str     0x000020bd      0x828 build/Default/debug/hpl/tc/hpl_tc.o
                               0x12ef (size before relaxing)
 .debug_str     0x000028e5      0xb98 build/Default/debug/samd51a/gcc/gcc/startup_samd51.o
                                0xda8 (size before relaxing)
 .debug_str     0x0000347d      0x29a build/Default/debug/thirdparty/RTOS/freertos/FreeRTOSV10.0.0/Source/portable/GCC/ARM_CM4F/port.o
                                0x460 (size before relaxing)
 .debug_str     0x00003717      0x154 build/Default/debug/thirdparty/RTOS/freertos/FreeRTOSV10.0.0/Source/list.o
                                0x2f1 (size before relaxing)
 .debug_str     0x0000386b      0xc48 build/Default/debug/thirdparty/RTOS/freertos/FreeRTOSV10.0.0/Source/tasks.o
                               0x1077 (size before relaxing)
 .debug_str     0x000044b3       0x22 build/Default/debug/main.o
                                0x643 (size before relaxing)
 .debug_str     0x000044d5     0x19aa build/Default/debug/driver_init.o
                               0x2478 (size before relaxing)

.debug_frame    0x00000000     0x157c
 .debug_frame   0x00000000       0x68 build/Default/debug/hal/src/hal_delay.o
 .debug_frame   0x00000068      0x190 build/Default/debug/hal/src/hal_adc_sync.o
 .debug_frame   0x000001f8      0x50c build/Default/debug/hpl/adc/hpl_adc.o
 .debug_frame   0x00000704       0xc0 build/Default/debug/hpl/core/hpl_core_m4.o
 .debug_frame   0x000007c4       0x4c build/Default/debug/hpl/ramecc/hpl_ramecc.o
 .debug_frame   0x00000810       0x7c build/Default/debug/hpl/systick/hpl_systick.o
 .debug_frame   0x0000088c      0x170 build/Default/debug/hpl/tc/hpl_tc.o
 .debug_frame   0x000009fc       0x38 build/Default/debug/samd51a/gcc/gcc/startup_samd51.o
 .debug_frame   0x00000a34      0x100 build/Default/debug/thirdparty/RTOS/freertos/FreeRTOSV10.0.0/Source/portable/GCC/ARM_CM4F/port.o
 .debug_frame   0x00000b34       0x6c build/Default/debug/thirdparty/RTOS/freertos/FreeRTOSV10.0.0/Source/list.o
 .debug_frame   0x00000ba0      0x560 build/Default/debug/thirdparty/RTOS/freertos/FreeRTOSV10.0.0/Source/tasks.o
 .debug_frame   0x00001100       0x30 build/Default/debug/main.o
 .debug_frame   0x00001130      0x260 build/Default/debug/driver_init.o
 .debug_frame   0x00001390       0x2c c:/program files (x86)/arm gnu toolchain arm-none-eabi/12.3 rel1/bin/../lib/gcc/arm-none-eabi/12.3.1/thumb/v7e-m+fp/hard\libg.a(libc_a-memset.o)
 .debug_frame   0x000013bc       0x2c c:/program files (x86)/arm gnu toolchain arm-none-eabi/12.3 rel1/bin/../lib/gcc/arm-none-eabi/12.3.1/thumb/v7e-m+fp/hard\libg.a(libc_a-init.o)
 .debug_frame   0x000013e8       0xb0 c:/program files (x86)/arm gnu toolchain arm-none-eabi/12.3 rel1/bin/../lib/gcc/arm-none-eabi/12.3.1/thumb/v7e-m+fp/hard\libg.a(libc_a-lock.o)
 .debug_frame   0x00001498       0x5c c:/program files (x86)/arm gnu toolchain arm-none-eabi/12.3 rel1/bin/../lib/gcc/arm-none-eabi/12.3.1/thumb/v7e-m+fp/hard\libg.a(libc_a-__call_atexit.o)
 .debug_frame   0x000014f4       0x20 c:/program files (x86)/arm gnu toolchain arm-none-eabi/12.3 rel1/bin/../lib/gcc/arm-none-eabi/12.3.1/thumb/v7e-m+fp/hard\libg.a(libc_a-atexit.o)
 .debug_frame   0x00001514       0x34 c:/program files (x86)/arm gnu toolchain arm-none-eabi/12.3 rel1/bin/../lib/gcc/arm-none-eabi/12.3.1/thumb/v7e-m+fp/hard\libg.a(libc_a-fini.o)
 .debug_frame   0x00001548       0x34 c:/program files (x86)/arm gnu toolchain arm-none-eabi/12.3 rel1/bin/../lib/gcc/arm-none-eabi/12.3.1/thumb/v7e-m+fp/hard\libg.a(libc_a-__atexit.o)

.debug_line_str
                0x00000000       0xe3
 .debug_line_str
                0x00000000       0xe3 c:/program files (x86)/arm gnu toolchain arm-none-eabi/12.3 rel1/bin/../lib/gcc/arm-none-eabi/12.3.1/thumb/v7e-m+fp/hard\libg.a(libc_a-memcpy.o)
